Archive member included to satisfy reference by file (symbol)

../wasca_test9_bsp/\libhal_bsp.a(alt_load.o)
                              ../wasca_test9_bsp//obj/HAL/src/crt0.o (alt_load)
../wasca_test9_bsp/\libhal_bsp.a(alt_main.o)
                              ../wasca_test9_bsp//obj/HAL/src/crt0.o (alt_main)
../wasca_test9_bsp/\libhal_bsp.a(alt_printf.o)
                              obj/default/hello_world_small.o (alt_printf)
../wasca_test9_bsp/\libhal_bsp.a(alt_putchar.o)
                              ../wasca_test9_bsp/\libhal_bsp.a(alt_printf.o) (alt_putchar)
../wasca_test9_bsp/\libhal_bsp.a(alt_putstr.o)
                              obj/default/hello_world_small.o (alt_putstr)
../wasca_test9_bsp/\libhal_bsp.a(alt_sys_init.o)
                              ../wasca_test9_bsp/\libhal_bsp.a(alt_main.o) (alt_irq_init)
../wasca_test9_bsp/\libhal_bsp.a(altera_avalon_uart_write.o)
                              ../wasca_test9_bsp/\libhal_bsp.a(alt_putchar.o) (altera_avalon_uart_write)
../wasca_test9_bsp/\libhal_bsp.a(alt_dcache_flush_all.o)
                              ../wasca_test9_bsp/\libhal_bsp.a(alt_load.o) (alt_dcache_flush_all)
../wasca_test9_bsp/\libhal_bsp.a(alt_dev.o)
                              ../wasca_test9_bsp/\libhal_bsp.a(alt_sys_init.o) (alt_dev_list)
../wasca_test9_bsp/\libhal_bsp.a(alt_dev_llist_insert.o)
                              ../wasca_test9_bsp/\libhal_bsp.a(alt_sys_init.o) (alt_dev_llist_insert)
../wasca_test9_bsp/\libhal_bsp.a(alt_errno.o)
                              ../wasca_test9_bsp/\libhal_bsp.a(altera_avalon_uart_write.o) (alt_errno)
../wasca_test9_bsp/\libhal_bsp.a(alt_icache_flush_all.o)
                              ../wasca_test9_bsp/\libhal_bsp.a(alt_load.o) (alt_icache_flush_all)
../wasca_test9_bsp/\libhal_bsp.a(altera_nios2_gen2_irq.o)
                              ../wasca_test9_bsp/\libhal_bsp.a(alt_sys_init.o) (altera_nios2_gen2_irq_init)
c:/altera_lite/15.1/nios2eds/bin/gnu/h-x86_64-mingw32/bin/../lib/gcc/nios2-elf/4.9.2/../../../../../H-x86_64-mingw32/nios2-elf/lib/mno-hw-mul\libsmallc.a(lib_a-int_errno.o)
                              ../wasca_test9_bsp/\libhal_bsp.a(altera_avalon_uart_write.o) (errno)
c:/altera_lite/15.1/nios2eds/bin/gnu/h-x86_64-mingw32/bin/../lib/gcc/nios2-elf/4.9.2/../../../../../H-x86_64-mingw32/nios2-elf/lib/mno-hw-mul\libsmallc.a(lib_a-strlen.o)
                              ../wasca_test9_bsp/\libhal_bsp.a(alt_putstr.o) (strlen)

Allocating common symbols
Common symbol       size              file

errno               0x4               c:/altera_lite/15.1/nios2eds/bin/gnu/h-x86_64-mingw32/bin/../lib/gcc/nios2-elf/4.9.2/../../../../../H-x86_64-mingw32/nios2-elf/lib/mno-hw-mul\libsmallc.a(lib_a-int_errno.o)

Memory Configuration

Name             Origin             Length             Attributes
onchip_flash_0   0x0000000000000000 0x000000000002b000
reset            0x0000000000080000 0x0000000000000020
onchip_memory2_0 0x0000000000080020 0x0000000000003fe0
external_sdram_controller 0x0000000004000000 0x0000000002000000
*default*        0x0000000000000000 0xffffffffffffffff

Linker script and memory map

LOAD ../wasca_test9_bsp//obj/HAL/src/crt0.o
LOAD obj/default/hello_world_small.o
LOAD obj/default/wasca_short.o
LOAD c:/altera_lite/15.1/nios2eds/bin/gnu/h-x86_64-mingw32/bin/../lib/gcc/nios2-elf/4.9.2/../../../../../H-x86_64-mingw32/nios2-elf/lib/mno-hw-mul\libstdc++.a
LOAD c:/altera_lite/15.1/nios2eds/bin/gnu/h-x86_64-mingw32/bin/../lib/gcc/nios2-elf/4.9.2/../../../../../H-x86_64-mingw32/nios2-elf/lib/mno-hw-mul\libm.a
LOAD c:/altera_lite/15.1/nios2eds/bin/gnu/h-x86_64-mingw32/bin/../lib/gcc/nios2-elf/4.9.2/mno-hw-mul\libgcc.a
START GROUP
LOAD c:/altera_lite/15.1/nios2eds/bin/gnu/h-x86_64-mingw32/bin/../lib/gcc/nios2-elf/4.9.2/../../../../../H-x86_64-mingw32/nios2-elf/lib/mno-hw-mul\libsmallc.a
LOAD c:/altera_lite/15.1/nios2eds/bin/gnu/h-x86_64-mingw32/bin/../lib/gcc/nios2-elf/4.9.2/mno-hw-mul\libgcc.a
LOAD ../wasca_test9_bsp/\libhal_bsp.a
LOAD c:/altera_lite/15.1/nios2eds/bin/gnu/h-x86_64-mingw32/bin/../lib/gcc/nios2-elf/4.9.2/../../../../../H-x86_64-mingw32/nios2-elf/lib/mno-hw-mul\libm.a
END GROUP
LOAD c:/altera_lite/15.1/nios2eds/bin/gnu/h-x86_64-mingw32/bin/../lib/gcc/nios2-elf/4.9.2/mno-hw-mul\libgcc.a
                0x0000000000000000                __alt_mem_onchip_flash_0 = 0x0
                0x0000000000080000                __alt_mem_onchip_memory2_0 = 0x80000
                0x0000000004000000                __alt_mem_external_sdram_controller = 0x4000000

.entry          0x0000000000080000       0x20
 *(.entry)
 .entry         0x0000000000080000       0x20 ../wasca_test9_bsp//obj/HAL/src/crt0.o
                0x0000000000080000                __reset
                0x000000000008000c                _exit

.exceptions     0x0000000000080020        0x0 load address 0x0000000000000000
                0x0000000000080020                PROVIDE (__ram_exceptions_start, ABSOLUTE (.))
                0x0000000000080020                . = ALIGN (0x20)
 *(.irq)
 *(.exceptions.entry.label)
 *(.exceptions.entry.user)
 *(.exceptions.entry.ecc_fatal)
 *(.exceptions.entry)
 *(.exceptions.irqtest.user)
 *(.exceptions.irqtest)
 *(.exceptions.irqhandler.user)
 *(.exceptions.irqhandler)
 *(.exceptions.irqreturn.user)
 *(.exceptions.irqreturn)
 *(.exceptions.notirq.label)
 *(.exceptions.notirq.user)
 *(.exceptions.notirq)
 *(.exceptions.soft.user)
 *(.exceptions.soft)
 *(.exceptions.unknown.user)
 *(.exceptions.unknown)
 *(.exceptions.exit.label)
 *(.exceptions.exit.user)
 *(.exceptions.exit)
 *(.exceptions)
                0x0000000000080020                PROVIDE (__ram_exceptions_end, ABSOLUTE (.))
                0x0000000000000000                PROVIDE (__flash_exceptions_start, LOADADDR (.exceptions))

.text           0x0000000000000000      0x7f8
                0x0000000000000000                PROVIDE (stext, ABSOLUTE (.))
 *(.interp)
 *(.hash)
 *(.dynsym)
 *(.dynstr)
 *(.gnu.version)
 *(.gnu.version_d)
 *(.gnu.version_r)
 *(.rel.init)
 *(.rela.init)
 *(.rel.text .rel.text.* .rel.gnu.linkonce.t.*)
 *(.rela.text .rela.text.* .rela.gnu.linkonce.t.*)
 *(.rel.fini)
 *(.rela.fini)
 *(.rel.rodata .rel.rodata.* .rel.gnu.linkonce.r.*)
 *(.rela.rodata .rela.rodata.* .rela.gnu.linkonce.r.*)
 *(.rel.data .rel.data.* .rel.gnu.linkonce.d.*)
 *(.rela.data .rela.data.* .rela.gnu.linkonce.d.*)
 *(.rel.tdata .rel.tdata.* .rel.gnu.linkonce.td.*)
 *(.rela.tdata .rela.tdata.* .rela.gnu.linkonce.td.*)
 *(.rel.tbss .rel.tbss.* .rel.gnu.linkonce.tb.*)
 *(.rela.tbss .rela.tbss.* .rela.gnu.linkonce.tb.*)
 *(.rel.ctors)
 *(.rela.ctors)
 *(.rel.dtors)
 *(.rela.dtors)
 *(.rel.got)
 *(.rela.got)
 *(.rel.sdata .rel.sdata.* .rel.gnu.linkonce.s.*)
 *(.rela.sdata .rela.sdata.* .rela.gnu.linkonce.s.*)
 *(.rel.sbss .rel.sbss.* .rel.gnu.linkonce.sb.*)
 *(.rela.sbss .rela.sbss.* .rela.gnu.linkonce.sb.*)
 *(.rel.sdata2 .rel.sdata2.* .rel.gnu.linkonce.s2.*)
 *(.rela.sdata2 .rela.sdata2.* .rela.gnu.linkonce.s2.*)
 *(.rel.sbss2 .rel.sbss2.* .rel.gnu.linkonce.sb2.*)
 *(.rela.sbss2 .rela.sbss2.* .rela.gnu.linkonce.sb2.*)
 *(.rel.bss .rel.bss.* .rel.gnu.linkonce.b.*)
 *(.rela.bss .rela.bss.* .rela.gnu.linkonce.b.*)
 *(.rel.plt)
 *(.rela.plt)
 *(.rel.dyn)
 *(.init)
 *(.plt)
 *(.text .stub .text.* .gnu.linkonce.t.*)
 .text          0x0000000000000000       0x3c ../wasca_test9_bsp//obj/HAL/src/crt0.o
                0x0000000000000000                _start
 .text          0x000000000000003c        0x0 obj/default/hello_world_small.o
 .text.startup  0x000000000000003c      0x33c obj/default/hello_world_small.o
                0x000000000000003c                main
 .text          0x0000000000000378        0x0 obj/default/wasca_short.o
 .text          0x0000000000000378       0xf8 ../wasca_test9_bsp/\libhal_bsp.a(alt_load.o)
                0x0000000000000378                alt_load
 .text          0x0000000000000470       0x2c ../wasca_test9_bsp/\libhal_bsp.a(alt_main.o)
                0x0000000000000470                alt_main
 .text          0x000000000000049c      0x16c ../wasca_test9_bsp/\libhal_bsp.a(alt_printf.o)
                0x000000000000049c                alt_printf
 .text          0x0000000000000608       0x48 ../wasca_test9_bsp/\libhal_bsp.a(alt_putchar.o)
                0x0000000000000608                alt_putchar
 .text          0x0000000000000650       0x38 ../wasca_test9_bsp/\libhal_bsp.a(alt_putstr.o)
                0x0000000000000650                alt_putstr
 .text          0x0000000000000688       0x34 ../wasca_test9_bsp/\libhal_bsp.a(alt_sys_init.o)
                0x0000000000000688                alt_irq_init
                0x00000000000006a8                alt_sys_init
 .text          0x00000000000006bc       0x90 ../wasca_test9_bsp/\libhal_bsp.a(altera_avalon_uart_write.o)
                0x00000000000006bc                altera_avalon_uart_write
 .text          0x000000000000074c        0x4 ../wasca_test9_bsp/\libhal_bsp.a(alt_dcache_flush_all.o)
                0x000000000000074c                alt_dcache_flush_all
 .text          0x0000000000000750        0x8 ../wasca_test9_bsp/\libhal_bsp.a(alt_dev.o)
 .text          0x0000000000000758       0x78 ../wasca_test9_bsp/\libhal_bsp.a(alt_dev_llist_insert.o)
                0x0000000000000758                alt_dev_llist_insert
 .text          0x00000000000007d0        0x0 ../wasca_test9_bsp/\libhal_bsp.a(alt_errno.o)
 .text          0x00000000000007d0        0x4 ../wasca_test9_bsp/\libhal_bsp.a(alt_icache_flush_all.o)
                0x00000000000007d0                alt_icache_flush_all
 .text          0x00000000000007d4        0x8 ../wasca_test9_bsp/\libhal_bsp.a(altera_nios2_gen2_irq.o)
                0x00000000000007d4                altera_nios2_gen2_irq_init
 .text          0x00000000000007dc        0x0 c:/altera_lite/15.1/nios2eds/bin/gnu/h-x86_64-mingw32/bin/../lib/gcc/nios2-elf/4.9.2/../../../../../H-x86_64-mingw32/nios2-elf/lib/mno-hw-mul\libsmallc.a(lib_a-int_errno.o)
 .text          0x00000000000007dc        0x0 c:/altera_lite/15.1/nios2eds/bin/gnu/h-x86_64-mingw32/bin/../lib/gcc/nios2-elf/4.9.2/../../../../../H-x86_64-mingw32/nios2-elf/lib/mno-hw-mul\libsmallc.a(lib_a-strlen.o)
 .text.strlen   0x00000000000007dc       0x1c c:/altera_lite/15.1/nios2eds/bin/gnu/h-x86_64-mingw32/bin/../lib/gcc/nios2-elf/4.9.2/../../../../../H-x86_64-mingw32/nios2-elf/lib/mno-hw-mul\libsmallc.a(lib_a-strlen.o)
                0x00000000000007dc                strlen
 *(.gnu.warning.*)
 *(.fini)
                0x00000000000007f8                PROVIDE (__etext, ABSOLUTE (.))
                0x00000000000007f8                PROVIDE (_etext, ABSOLUTE (.))
                0x00000000000007f8                PROVIDE (etext, ABSOLUTE (.))
 *(.eh_frame_hdr)
                0x00000000000007f8                . = ALIGN (0x4)
                0x00000000000007f8                PROVIDE (__preinit_array_start, ABSOLUTE (.))
 *(.preinit_array)
                0x00000000000007f8                PROVIDE (__preinit_array_end, ABSOLUTE (.))
                0x00000000000007f8                PROVIDE (__init_array_start, ABSOLUTE (.))
 *(.init_array)
                0x00000000000007f8                PROVIDE (__init_array_end, ABSOLUTE (.))
                0x00000000000007f8                PROVIDE (__fini_array_start, ABSOLUTE (.))
 *(.fini_array)
                0x00000000000007f8                PROVIDE (__fini_array_end, ABSOLUTE (.))
 *(.eh_frame)
 *(.gcc_except_table .gcc_except_table.*)
 *(.dynamic)
                0x00000000000007f8                PROVIDE (__CTOR_LIST__, ABSOLUTE (.))
 *(.ctors)
 *(SORT(.ctors.*))
                0x00000000000007f8                PROVIDE (__CTOR_END__, ABSOLUTE (.))
                0x00000000000007f8                PROVIDE (__DTOR_LIST__, ABSOLUTE (.))
 *(.dtors)
 *(SORT(.dtors.*))
                0x00000000000007f8                PROVIDE (__DTOR_END__, ABSOLUTE (.))
 *(.jcr)
                0x00000000000007f8                . = ALIGN (0x4)

.rodata         0x00000000000007f8    0x1e6d8
                0x00000000000007f8                PROVIDE (__ram_rodata_start, ABSOLUTE (.))
                0x00000000000007f8                . = ALIGN (0x4)
 *(.rodata .rodata.* .gnu.linkonce.r.*)
 .rodata.str1.4
                0x00000000000007f8      0x11a obj/default/hello_world_small.o
                                        0x11c (size before relaxing)
 *fill*         0x0000000000000912        0x2 
 .rodata        0x0000000000000914       0x50 obj/default/hello_world_small.o
                0x0000000000000914                Wasca_Sysarea_Signature
                0x0000000000000954                Power_Memory_Signature
 .rodata        0x0000000000000964    0x1e550 obj/default/wasca_short.o
                0x0000000000000964                rawData
 .rodata.str1.4
                0x000000000001eeb4        0xd ../wasca_test9_bsp/\libhal_bsp.a(alt_sys_init.o)
                                         0x10 (size before relaxing)
 *fill*         0x000000000001eec1        0x3 
 .rodata.str1.4
                0x000000000001eec4        0xc ../wasca_test9_bsp/\libhal_bsp.a(alt_dev.o)
 *(.rodata1)
                0x000000000001eed0                . = ALIGN (0x4)
                0x000000000001eed0                PROVIDE (__ram_rodata_end, ABSOLUTE (.))
                0x00000000000007f8                PROVIDE (__flash_rodata_start, LOADADDR (.rodata))

.rwdata         0x0000000000080020       0xa4 load address 0x000000000001eed0
                0x0000000000080020                PROVIDE (__ram_rwdata_start, ABSOLUTE (.))
                0x0000000000080020                . = ALIGN (0x4)
 *(.got.plt)
 *(.got)
 *(.data1)
 *(.data .data.* .gnu.linkonce.d.*)
 .data          0x0000000000080020        0x0 ../wasca_test9_bsp//obj/HAL/src/crt0.o
 .data          0x0000000000080020        0x0 obj/default/hello_world_small.o
 .data          0x0000000000080020        0x0 obj/default/wasca_short.o
 .data          0x0000000000080020        0x0 ../wasca_test9_bsp/\libhal_bsp.a(alt_load.o)
 .data          0x0000000000080020        0x0 ../wasca_test9_bsp/\libhal_bsp.a(alt_main.o)
 .data          0x0000000000080020        0x0 ../wasca_test9_bsp/\libhal_bsp.a(alt_printf.o)
 .data          0x0000000000080020        0x0 ../wasca_test9_bsp/\libhal_bsp.a(alt_putchar.o)
 .data          0x0000000000080020        0x0 ../wasca_test9_bsp/\libhal_bsp.a(alt_putstr.o)
 .data          0x0000000000080020       0x30 ../wasca_test9_bsp/\libhal_bsp.a(alt_sys_init.o)
 .data          0x0000000000080050        0x0 ../wasca_test9_bsp/\libhal_bsp.a(altera_avalon_uart_write.o)
 .data          0x0000000000080050        0x0 ../wasca_test9_bsp/\libhal_bsp.a(alt_dcache_flush_all.o)
 .data          0x0000000000080050       0x58 ../wasca_test9_bsp/\libhal_bsp.a(alt_dev.o)
                0x0000000000080050                alt_fd_list
                0x0000000000080080                alt_dev_null
 .data          0x00000000000800a8        0x0 ../wasca_test9_bsp/\libhal_bsp.a(alt_dev_llist_insert.o)
 .data          0x00000000000800a8        0x0 ../wasca_test9_bsp/\libhal_bsp.a(alt_errno.o)
 .data          0x00000000000800a8        0x0 ../wasca_test9_bsp/\libhal_bsp.a(alt_icache_flush_all.o)
 .data          0x00000000000800a8        0x0 ../wasca_test9_bsp/\libhal_bsp.a(altera_nios2_gen2_irq.o)
 .data          0x00000000000800a8        0x0 c:/altera_lite/15.1/nios2eds/bin/gnu/h-x86_64-mingw32/bin/../lib/gcc/nios2-elf/4.9.2/../../../../../H-x86_64-mingw32/nios2-elf/lib/mno-hw-mul\libsmallc.a(lib_a-int_errno.o)
 .data          0x00000000000800a8        0x0 c:/altera_lite/15.1/nios2eds/bin/gnu/h-x86_64-mingw32/bin/../lib/gcc/nios2-elf/4.9.2/../../../../../H-x86_64-mingw32/nios2-elf/lib/mno-hw-mul\libsmallc.a(lib_a-strlen.o)
                0x00000000000880a8                _gp = ABSOLUTE ((. + 0x8000))
                0x00000000000880a8                PROVIDE (gp, _gp)
 *(.rwdata .rwdata.*)
 *(.sdata .sdata.* .gnu.linkonce.s.*)
 .sdata         0x00000000000800a8        0x4 ../wasca_test9_bsp/\libhal_bsp.a(alt_sys_init.o)
                0x00000000000800a8                uart_0
 .sdata         0x00000000000800ac       0x14 ../wasca_test9_bsp/\libhal_bsp.a(alt_dev.o)
                0x00000000000800ac                alt_max_fd
                0x00000000000800b0                alt_dev_list
                0x00000000000800b8                alt_fs_list
 .sdata         0x00000000000800c0        0x4 ../wasca_test9_bsp/\libhal_bsp.a(alt_errno.o)
                0x00000000000800c0                alt_errno
 *(.sdata2 .sdata2.* .gnu.linkonce.s2.*)
                0x00000000000800c4                . = ALIGN (0x4)
                0x00000000000800c4                _edata = ABSOLUTE (.)
                0x00000000000800c4                PROVIDE (edata, ABSOLUTE (.))
                0x00000000000800c4                PROVIDE (__ram_rwdata_end, ABSOLUTE (.))
                0x000000000001eed0                PROVIDE (__flash_rwdata_start, LOADADDR (.rwdata))

.bss            0x00000000000800c4       0x10 load address 0x000000000001ef74
                0x00000000000800c4                __bss_start = ABSOLUTE (.)
                0x00000000000800c4                PROVIDE (__sbss_start, ABSOLUTE (.))
                0x00000000000800c4                PROVIDE (___sbss_start, ABSOLUTE (.))
 *(.dynsbss)
 *(.sbss .sbss.* .gnu.linkonce.sb.*)
 .sbss          0x00000000000800c4        0xc ../wasca_test9_bsp/\libhal_bsp.a(alt_main.o)
                0x00000000000800c4                alt_envp
                0x00000000000800c8                alt_argv
                0x00000000000800cc                alt_argc
 .sbss          0x00000000000800d0        0x4 c:/altera_lite/15.1/nios2eds/bin/gnu/h-x86_64-mingw32/bin/../lib/gcc/nios2-elf/4.9.2/../../../../../H-x86_64-mingw32/nios2-elf/lib/mno-hw-mul\libsmallc.a(lib_a-int_errno.o)
                0x00000000000800d0                errno
 *(.sbss2 .sbss2.* .gnu.linkonce.sb2.*)
 *(.scommon)
                0x00000000000800d4                PROVIDE (__sbss_end, ABSOLUTE (.))
                0x00000000000800d4                PROVIDE (___sbss_end, ABSOLUTE (.))
 *(.dynbss)
 *(.bss .bss.* .gnu.linkonce.b.*)
 .bss           0x00000000000800d4        0x0 ../wasca_test9_bsp//obj/HAL/src/crt0.o
 .bss           0x00000000000800d4        0x0 obj/default/hello_world_small.o
 .bss           0x00000000000800d4        0x0 obj/default/wasca_short.o
 .bss           0x00000000000800d4        0x0 ../wasca_test9_bsp/\libhal_bsp.a(alt_load.o)
 .bss           0x00000000000800d4        0x0 ../wasca_test9_bsp/\libhal_bsp.a(alt_main.o)
 .bss           0x00000000000800d4        0x0 ../wasca_test9_bsp/\libhal_bsp.a(alt_printf.o)
 .bss           0x00000000000800d4        0x0 ../wasca_test9_bsp/\libhal_bsp.a(alt_putchar.o)
 .bss           0x00000000000800d4        0x0 ../wasca_test9_bsp/\libhal_bsp.a(alt_putstr.o)
 .bss           0x00000000000800d4        0x0 ../wasca_test9_bsp/\libhal_bsp.a(alt_sys_init.o)
 .bss           0x00000000000800d4        0x0 ../wasca_test9_bsp/\libhal_bsp.a(altera_avalon_uart_write.o)
 .bss           0x00000000000800d4        0x0 ../wasca_test9_bsp/\libhal_bsp.a(alt_dcache_flush_all.o)
 .bss           0x00000000000800d4        0x0 ../wasca_test9_bsp/\libhal_bsp.a(alt_dev.o)
 .bss           0x00000000000800d4        0x0 ../wasca_test9_bsp/\libhal_bsp.a(alt_dev_llist_insert.o)
 .bss           0x00000000000800d4        0x0 ../wasca_test9_bsp/\libhal_bsp.a(alt_errno.o)
 .bss           0x00000000000800d4        0x0 ../wasca_test9_bsp/\libhal_bsp.a(alt_icache_flush_all.o)
 .bss           0x00000000000800d4        0x0 ../wasca_test9_bsp/\libhal_bsp.a(altera_nios2_gen2_irq.o)
 .bss           0x00000000000800d4        0x0 c:/altera_lite/15.1/nios2eds/bin/gnu/h-x86_64-mingw32/bin/../lib/gcc/nios2-elf/4.9.2/../../../../../H-x86_64-mingw32/nios2-elf/lib/mno-hw-mul\libsmallc.a(lib_a-int_errno.o)
 .bss           0x00000000000800d4        0x0 c:/altera_lite/15.1/nios2eds/bin/gnu/h-x86_64-mingw32/bin/../lib/gcc/nios2-elf/4.9.2/../../../../../H-x86_64-mingw32/nios2-elf/lib/mno-hw-mul\libsmallc.a(lib_a-strlen.o)
 *(COMMON)
                0x00000000000800d4                . = ALIGN (0x4)
                0x00000000000800d4                __bss_end = ABSOLUTE (.)

.onchip_flash_0
                0x000000000001ef74        0x0
                0x000000000001ef74                PROVIDE (_alt_partition_onchip_flash_0_start, ABSOLUTE (.))
 *(.onchip_flash_0 .onchip_flash_0. onchip_flash_0.*)
                0x000000000001ef74                . = ALIGN (0x4)
                0x000000000001ef74                PROVIDE (_alt_partition_onchip_flash_0_end, ABSOLUTE (.))
                0x000000000001ef74                PROVIDE (_alt_partition_onchip_flash_0_load_addr, LOADADDR (.onchip_flash_0))

.onchip_memory2_0
                0x00000000000800d4        0x0 load address 0x000000000001ef74
                0x00000000000800d4                PROVIDE (_alt_partition_onchip_memory2_0_start, ABSOLUTE (.))
 *(.onchip_memory2_0 .onchip_memory2_0. onchip_memory2_0.*)
                0x00000000000800d4                . = ALIGN (0x4)
                0x00000000000800d4                PROVIDE (_alt_partition_onchip_memory2_0_end, ABSOLUTE (.))
                0x00000000000800d4                _end = ABSOLUTE (.)
                0x00000000000800d4                end = ABSOLUTE (.)
                0x00000000000800d4                __alt_stack_base = ABSOLUTE (.)
                0x000000000001ef74                PROVIDE (_alt_partition_onchip_memory2_0_load_addr, LOADADDR (.onchip_memory2_0))

.external_sdram_controller
                0x0000000004000000        0x0 load address 0x000000000001ef74
                0x0000000004000000                PROVIDE (_alt_partition_external_sdram_controller_start, ABSOLUTE (.))
 *(.external_sdram_controller .external_sdram_controller. external_sdram_controller.*)
                0x0000000004000000                . = ALIGN (0x4)
                0x0000000004000000                PROVIDE (_alt_partition_external_sdram_controller_end, ABSOLUTE (.))
                0x000000000001ef74                PROVIDE (_alt_partition_external_sdram_controller_load_addr, LOADADDR (.external_sdram_controller))

.stab
 *(.stab)

.stabstr
 *(.stabstr)

.stab.excl
 *(.stab.excl)

.stab.exclstr
 *(.stab.exclstr)

.stab.index
 *(.stab.index)

.stab.indexstr
 *(.stab.indexstr)

.comment        0x0000000000000000       0x23
 *(.comment)
 .comment       0x0000000000000000       0x23 obj/default/hello_world_small.o
                                         0x24 (size before relaxing)
 .comment       0x0000000000000000       0x24 obj/default/wasca_short.o
 .comment       0x0000000000000000       0x24 ../wasca_test9_bsp/\libhal_bsp.a(alt_load.o)
 .comment       0x0000000000000000       0x24 ../wasca_test9_bsp/\libhal_bsp.a(alt_main.o)
 .comment       0x0000000000000000       0x24 ../wasca_test9_bsp/\libhal_bsp.a(alt_printf.o)
 .comment       0x0000000000000000       0x24 ../wasca_test9_bsp/\libhal_bsp.a(alt_putchar.o)
 .comment       0x0000000000000000       0x24 ../wasca_test9_bsp/\libhal_bsp.a(alt_putstr.o)
 .comment       0x0000000000000000       0x24 ../wasca_test9_bsp/\libhal_bsp.a(alt_sys_init.o)
 .comment       0x0000000000000000       0x24 ../wasca_test9_bsp/\libhal_bsp.a(altera_avalon_uart_write.o)
 .comment       0x0000000000000000       0x24 ../wasca_test9_bsp/\libhal_bsp.a(alt_dcache_flush_all.o)
 .comment       0x0000000000000000       0x24 ../wasca_test9_bsp/\libhal_bsp.a(alt_dev.o)
 .comment       0x0000000000000000       0x24 ../wasca_test9_bsp/\libhal_bsp.a(alt_dev_llist_insert.o)
 .comment       0x0000000000000000       0x24 ../wasca_test9_bsp/\libhal_bsp.a(alt_errno.o)
 .comment       0x0000000000000000       0x24 ../wasca_test9_bsp/\libhal_bsp.a(alt_icache_flush_all.o)
 .comment       0x0000000000000000       0x24 ../wasca_test9_bsp/\libhal_bsp.a(altera_nios2_gen2_irq.o)
 .comment       0x0000000000000000       0x24 c:/altera_lite/15.1/nios2eds/bin/gnu/h-x86_64-mingw32/bin/../lib/gcc/nios2-elf/4.9.2/../../../../../H-x86_64-mingw32/nios2-elf/lib/mno-hw-mul\libsmallc.a(lib_a-int_errno.o)
 .comment       0x0000000000000000       0x24 c:/altera_lite/15.1/nios2eds/bin/gnu/h-x86_64-mingw32/bin/../lib/gcc/nios2-elf/4.9.2/../../../../../H-x86_64-mingw32/nios2-elf/lib/mno-hw-mul\libsmallc.a(lib_a-strlen.o)

.debug
 *(.debug)

.line
 *(.line)

.debug_srcinfo
 *(.debug_srcinfo)

.debug_sfnames
 *(.debug_sfnames)

.debug_aranges  0x0000000000000000      0x230
 *(.debug_aranges)
 .debug_aranges
                0x0000000000000000       0x28 ../wasca_test9_bsp//obj/HAL/src/crt0.o
 .debug_aranges
                0x0000000000000028       0x20 obj/default/hello_world_small.o
 .debug_aranges
                0x0000000000000048       0x18 obj/default/wasca_short.o
 .debug_aranges
                0x0000000000000060       0x20 ../wasca_test9_bsp/\libhal_bsp.a(alt_load.o)
 .debug_aranges
                0x0000000000000080       0x20 ../wasca_test9_bsp/\libhal_bsp.a(alt_main.o)
 .debug_aranges
                0x00000000000000a0       0x20 ../wasca_test9_bsp/\libhal_bsp.a(alt_printf.o)
 .debug_aranges
                0x00000000000000c0       0x20 ../wasca_test9_bsp/\libhal_bsp.a(alt_putchar.o)
 .debug_aranges
                0x00000000000000e0       0x20 ../wasca_test9_bsp/\libhal_bsp.a(alt_putstr.o)
 .debug_aranges
                0x0000000000000100       0x20 ../wasca_test9_bsp/\libhal_bsp.a(alt_sys_init.o)
 .debug_aranges
                0x0000000000000120       0x20 ../wasca_test9_bsp/\libhal_bsp.a(altera_avalon_uart_write.o)
 .debug_aranges
                0x0000000000000140       0x20 ../wasca_test9_bsp/\libhal_bsp.a(alt_dcache_flush_all.o)
 .debug_aranges
                0x0000000000000160       0x20 ../wasca_test9_bsp/\libhal_bsp.a(alt_dev.o)
 .debug_aranges
                0x0000000000000180       0x20 ../wasca_test9_bsp/\libhal_bsp.a(alt_dev_llist_insert.o)
 .debug_aranges
                0x00000000000001a0       0x18 ../wasca_test9_bsp/\libhal_bsp.a(alt_errno.o)
 .debug_aranges
                0x00000000000001b8       0x20 ../wasca_test9_bsp/\libhal_bsp.a(alt_icache_flush_all.o)
 .debug_aranges
                0x00000000000001d8       0x20 ../wasca_test9_bsp/\libhal_bsp.a(altera_nios2_gen2_irq.o)
 .debug_aranges
                0x00000000000001f8       0x18 c:/altera_lite/15.1/nios2eds/bin/gnu/h-x86_64-mingw32/bin/../lib/gcc/nios2-elf/4.9.2/../../../../../H-x86_64-mingw32/nios2-elf/lib/mno-hw-mul\libsmallc.a(lib_a-int_errno.o)
 .debug_aranges
                0x0000000000000210       0x20 c:/altera_lite/15.1/nios2eds/bin/gnu/h-x86_64-mingw32/bin/../lib/gcc/nios2-elf/4.9.2/../../../../../H-x86_64-mingw32/nios2-elf/lib/mno-hw-mul\libsmallc.a(lib_a-strlen.o)

.debug_pubnames
 *(.debug_pubnames)

.debug_info     0x0000000000000000     0x1afc
 *(.debug_info .gnu.linkonce.wi.*)
 .debug_info    0x0000000000000000       0x75 ../wasca_test9_bsp//obj/HAL/src/crt0.o
 .debug_info    0x0000000000000075      0x2e2 obj/default/hello_world_small.o
 .debug_info    0x0000000000000357       0x55 obj/default/wasca_short.o
 .debug_info    0x00000000000003ac      0x1ba ../wasca_test9_bsp/\libhal_bsp.a(alt_load.o)
 .debug_info    0x0000000000000566      0x1a1 ../wasca_test9_bsp/\libhal_bsp.a(alt_main.o)
 .debug_info    0x0000000000000707      0x153 ../wasca_test9_bsp/\libhal_bsp.a(alt_printf.o)
 .debug_info    0x000000000000085a      0x138 ../wasca_test9_bsp/\libhal_bsp.a(alt_putchar.o)
 .debug_info    0x0000000000000992      0x15d ../wasca_test9_bsp/\libhal_bsp.a(alt_putstr.o)
 .debug_info    0x0000000000000aef      0x443 ../wasca_test9_bsp/\libhal_bsp.a(alt_sys_init.o)
 .debug_info    0x0000000000000f32      0x1e5 ../wasca_test9_bsp/\libhal_bsp.a(altera_avalon_uart_write.o)
 .debug_info    0x0000000000001117       0x8b ../wasca_test9_bsp/\libhal_bsp.a(alt_dcache_flush_all.o)
 .debug_info    0x00000000000011a2      0x492 ../wasca_test9_bsp/\libhal_bsp.a(alt_dev.o)
 .debug_info    0x0000000000001634      0x1a8 ../wasca_test9_bsp/\libhal_bsp.a(alt_dev_llist_insert.o)
 .debug_info    0x00000000000017dc       0x9f ../wasca_test9_bsp/\libhal_bsp.a(alt_errno.o)
 .debug_info    0x000000000000187b       0x8b ../wasca_test9_bsp/\libhal_bsp.a(alt_icache_flush_all.o)
 .debug_info    0x0000000000001906       0xb1 ../wasca_test9_bsp/\libhal_bsp.a(altera_nios2_gen2_irq.o)
 .debug_info    0x00000000000019b7       0x83 c:/altera_lite/15.1/nios2eds/bin/gnu/h-x86_64-mingw32/bin/../lib/gcc/nios2-elf/4.9.2/../../../../../H-x86_64-mingw32/nios2-elf/lib/mno-hw-mul\libsmallc.a(lib_a-int_errno.o)
 .debug_info    0x0000000000001a3a       0xc2 c:/altera_lite/15.1/nios2eds/bin/gnu/h-x86_64-mingw32/bin/../lib/gcc/nios2-elf/4.9.2/../../../../../H-x86_64-mingw32/nios2-elf/lib/mno-hw-mul\libsmallc.a(lib_a-strlen.o)

.debug_abbrev   0x0000000000000000      0xcb8
 *(.debug_abbrev)
 .debug_abbrev  0x0000000000000000       0x12 ../wasca_test9_bsp//obj/HAL/src/crt0.o
 .debug_abbrev  0x0000000000000012      0x135 obj/default/hello_world_small.o
 .debug_abbrev  0x0000000000000147       0x45 obj/default/wasca_short.o
 .debug_abbrev  0x000000000000018c       0xd8 ../wasca_test9_bsp/\libhal_bsp.a(alt_load.o)
 .debug_abbrev  0x0000000000000264      0x127 ../wasca_test9_bsp/\libhal_bsp.a(alt_main.o)
 .debug_abbrev  0x000000000000038b       0xde ../wasca_test9_bsp/\libhal_bsp.a(alt_printf.o)
 .debug_abbrev  0x0000000000000469       0xd4 ../wasca_test9_bsp/\libhal_bsp.a(alt_putchar.o)
 .debug_abbrev  0x000000000000053d       0xe2 ../wasca_test9_bsp/\libhal_bsp.a(alt_putstr.o)
 .debug_abbrev  0x000000000000061f      0x1ba ../wasca_test9_bsp/\libhal_bsp.a(alt_sys_init.o)
 .debug_abbrev  0x00000000000007d9       0xef ../wasca_test9_bsp/\libhal_bsp.a(altera_avalon_uart_write.o)
 .debug_abbrev  0x00000000000008c8       0x42 ../wasca_test9_bsp/\libhal_bsp.a(alt_dcache_flush_all.o)
 .debug_abbrev  0x000000000000090a       0xd9 ../wasca_test9_bsp/\libhal_bsp.a(alt_dev.o)
 .debug_abbrev  0x00000000000009e3      0x11c ../wasca_test9_bsp/\libhal_bsp.a(alt_dev_llist_insert.o)
 .debug_abbrev  0x0000000000000aff       0x5a ../wasca_test9_bsp/\libhal_bsp.a(alt_errno.o)
 .debug_abbrev  0x0000000000000b59       0x42 ../wasca_test9_bsp/\libhal_bsp.a(alt_icache_flush_all.o)
 .debug_abbrev  0x0000000000000b9b       0x67 ../wasca_test9_bsp/\libhal_bsp.a(altera_nios2_gen2_irq.o)
 .debug_abbrev  0x0000000000000c02       0x37 c:/altera_lite/15.1/nios2eds/bin/gnu/h-x86_64-mingw32/bin/../lib/gcc/nios2-elf/4.9.2/../../../../../H-x86_64-mingw32/nios2-elf/lib/mno-hw-mul\libsmallc.a(lib_a-int_errno.o)
 .debug_abbrev  0x0000000000000c39       0x7f c:/altera_lite/15.1/nios2eds/bin/gnu/h-x86_64-mingw32/bin/../lib/gcc/nios2-elf/4.9.2/../../../../../H-x86_64-mingw32/nios2-elf/lib/mno-hw-mul\libsmallc.a(lib_a-strlen.o)

.debug_line     0x0000000000000000      0xd15
 *(.debug_line)
 .debug_line    0x0000000000000000       0x66 ../wasca_test9_bsp//obj/HAL/src/crt0.o
 .debug_line    0x0000000000000066      0x145 obj/default/hello_world_small.o
 .debug_line    0x00000000000001ab       0x2e obj/default/wasca_short.o
 .debug_line    0x00000000000001d9       0xa6 ../wasca_test9_bsp/\libhal_bsp.a(alt_load.o)
 .debug_line    0x000000000000027f       0xea ../wasca_test9_bsp/\libhal_bsp.a(alt_main.o)
 .debug_line    0x0000000000000369      0x10d ../wasca_test9_bsp/\libhal_bsp.a(alt_printf.o)
 .debug_line    0x0000000000000476       0x55 ../wasca_test9_bsp/\libhal_bsp.a(alt_putchar.o)
 .debug_line    0x00000000000004cb       0xff ../wasca_test9_bsp/\libhal_bsp.a(alt_putstr.o)
 .debug_line    0x00000000000005ca      0x13d ../wasca_test9_bsp/\libhal_bsp.a(alt_sys_init.o)
 .debug_line    0x0000000000000707      0x10f ../wasca_test9_bsp/\libhal_bsp.a(altera_avalon_uart_write.o)
 .debug_line    0x0000000000000816       0x4e ../wasca_test9_bsp/\libhal_bsp.a(alt_dcache_flush_all.o)
 .debug_line    0x0000000000000864       0xf3 ../wasca_test9_bsp/\libhal_bsp.a(alt_dev.o)
 .debug_line    0x0000000000000957       0xd8 ../wasca_test9_bsp/\libhal_bsp.a(alt_dev_llist_insert.o)
 .debug_line    0x0000000000000a2f       0x51 ../wasca_test9_bsp/\libhal_bsp.a(alt_errno.o)
 .debug_line    0x0000000000000a80       0x4e ../wasca_test9_bsp/\libhal_bsp.a(alt_icache_flush_all.o)
 .debug_line    0x0000000000000ace       0x8c ../wasca_test9_bsp/\libhal_bsp.a(altera_nios2_gen2_irq.o)
 .debug_line    0x0000000000000b5a       0x5f c:/altera_lite/15.1/nios2eds/bin/gnu/h-x86_64-mingw32/bin/../lib/gcc/nios2-elf/4.9.2/../../../../../H-x86_64-mingw32/nios2-elf/lib/mno-hw-mul\libsmallc.a(lib_a-int_errno.o)
 .debug_line    0x0000000000000bb9      0x15c c:/altera_lite/15.1/nios2eds/bin/gnu/h-x86_64-mingw32/bin/../lib/gcc/nios2-elf/4.9.2/../../../../../H-x86_64-mingw32/nios2-elf/lib/mno-hw-mul\libsmallc.a(lib_a-strlen.o)

.debug_frame    0x0000000000000000      0x27c
 *(.debug_frame)
 .debug_frame   0x0000000000000000       0x30 obj/default/hello_world_small.o
 .debug_frame   0x0000000000000030       0x30 ../wasca_test9_bsp/\libhal_bsp.a(alt_load.o)
 .debug_frame   0x0000000000000060       0x2c ../wasca_test9_bsp/\libhal_bsp.a(alt_main.o)
 .debug_frame   0x000000000000008c       0x54 ../wasca_test9_bsp/\libhal_bsp.a(alt_printf.o)
 .debug_frame   0x00000000000000e0       0x30 ../wasca_test9_bsp/\libhal_bsp.a(alt_putchar.o)
 .debug_frame   0x0000000000000110       0x30 ../wasca_test9_bsp/\libhal_bsp.a(alt_putstr.o)
 .debug_frame   0x0000000000000140       0x3c ../wasca_test9_bsp/\libhal_bsp.a(alt_sys_init.o)
 .debug_frame   0x000000000000017c       0x34 ../wasca_test9_bsp/\libhal_bsp.a(altera_avalon_uart_write.o)
 .debug_frame   0x00000000000001b0       0x20 ../wasca_test9_bsp/\libhal_bsp.a(alt_dcache_flush_all.o)
 .debug_frame   0x00000000000001d0       0x20 ../wasca_test9_bsp/\libhal_bsp.a(alt_dev.o)
 .debug_frame   0x00000000000001f0       0x2c ../wasca_test9_bsp/\libhal_bsp.a(alt_dev_llist_insert.o)
 .debug_frame   0x000000000000021c       0x20 ../wasca_test9_bsp/\libhal_bsp.a(alt_icache_flush_all.o)
 .debug_frame   0x000000000000023c       0x20 ../wasca_test9_bsp/\libhal_bsp.a(altera_nios2_gen2_irq.o)
 .debug_frame   0x000000000000025c       0x20 c:/altera_lite/15.1/nios2eds/bin/gnu/h-x86_64-mingw32/bin/../lib/gcc/nios2-elf/4.9.2/../../../../../H-x86_64-mingw32/nios2-elf/lib/mno-hw-mul\libsmallc.a(lib_a-strlen.o)

.debug_str      0x0000000000000000      0x95a
 *(.debug_str)
 .debug_str     0x0000000000000000      0x106 obj/default/hello_world_small.o
                                        0x110 (size before relaxing)
 .debug_str     0x0000000000000106        0xe obj/default/wasca_short.o
                                         0xa2 (size before relaxing)
 .debug_str     0x0000000000000114      0x18b ../wasca_test9_bsp/\libhal_bsp.a(alt_load.o)
                                        0x226 (size before relaxing)
 .debug_str     0x000000000000029f       0xb0 ../wasca_test9_bsp/\libhal_bsp.a(alt_main.o)
                                        0x1c8 (size before relaxing)
 .debug_str     0x000000000000034f       0x59 ../wasca_test9_bsp/\libhal_bsp.a(alt_printf.o)
                                         0xfc (size before relaxing)
 .debug_str     0x00000000000003a8       0x51 ../wasca_test9_bsp/\libhal_bsp.a(alt_putchar.o)
                                        0x168 (size before relaxing)
 .debug_str     0x00000000000003f9       0x23 ../wasca_test9_bsp/\libhal_bsp.a(alt_putstr.o)
                                        0x174 (size before relaxing)
 .debug_str     0x000000000000041c      0x114 ../wasca_test9_bsp/\libhal_bsp.a(alt_sys_init.o)
                                        0x2c6 (size before relaxing)
 .debug_str     0x0000000000000530       0x52 ../wasca_test9_bsp/\libhal_bsp.a(altera_avalon_uart_write.o)
                                        0x21c (size before relaxing)
 .debug_str     0x0000000000000582       0x1f ../wasca_test9_bsp/\libhal_bsp.a(alt_dcache_flush_all.o)
                                        0x13f (size before relaxing)
 .debug_str     0x00000000000005a1      0x12c ../wasca_test9_bsp/\libhal_bsp.a(alt_dev.o)
                                        0x2ef (size before relaxing)
 .debug_str     0x00000000000006cd       0x36 ../wasca_test9_bsp/\libhal_bsp.a(alt_dev_llist_insert.o)
                                        0x1b6 (size before relaxing)
 .debug_str     0x0000000000000703       0x14 ../wasca_test9_bsp/\libhal_bsp.a(alt_errno.o)
                                        0x12f (size before relaxing)
 .debug_str     0x0000000000000717       0x1f ../wasca_test9_bsp/\libhal_bsp.a(alt_icache_flush_all.o)
                                        0x13f (size before relaxing)
 .debug_str     0x0000000000000736       0x20 ../wasca_test9_bsp/\libhal_bsp.a(altera_nios2_gen2_irq.o)
                                        0x16f (size before relaxing)
 .debug_str     0x0000000000000756      0x132 c:/altera_lite/15.1/nios2eds/bin/gnu/h-x86_64-mingw32/bin/../lib/gcc/nios2-elf/4.9.2/../../../../../H-x86_64-mingw32/nios2-elf/lib/mno-hw-mul\libsmallc.a(lib_a-int_errno.o)
                                        0x1ca (size before relaxing)
 .debug_str     0x0000000000000888       0xd2 c:/altera_lite/15.1/nios2eds/bin/gnu/h-x86_64-mingw32/bin/../lib/gcc/nios2-elf/4.9.2/../../../../../H-x86_64-mingw32/nios2-elf/lib/mno-hw-mul\libsmallc.a(lib_a-strlen.o)
                                        0x1d7 (size before relaxing)

.debug_loc      0x0000000000000000      0x5af
 *(.debug_loc)
 .debug_loc     0x0000000000000000      0x193 obj/default/hello_world_small.o
 .debug_loc     0x0000000000000193      0x1c6 ../wasca_test9_bsp/\libhal_bsp.a(alt_printf.o)
 .debug_loc     0x0000000000000359       0x2c ../wasca_test9_bsp/\libhal_bsp.a(alt_putchar.o)
 .debug_loc     0x0000000000000385       0x37 ../wasca_test9_bsp/\libhal_bsp.a(alt_putstr.o)
 .debug_loc     0x00000000000003bc       0x21 ../wasca_test9_bsp/\libhal_bsp.a(alt_sys_init.o)
 .debug_loc     0x00000000000003dd      0x15c ../wasca_test9_bsp/\libhal_bsp.a(altera_avalon_uart_write.o)
 .debug_loc     0x0000000000000539       0x58 ../wasca_test9_bsp/\libhal_bsp.a(alt_dev_llist_insert.o)
 .debug_loc     0x0000000000000591       0x1e c:/altera_lite/15.1/nios2eds/bin/gnu/h-x86_64-mingw32/bin/../lib/gcc/nios2-elf/4.9.2/../../../../../H-x86_64-mingw32/nios2-elf/lib/mno-hw-mul\libsmallc.a(lib_a-strlen.o)

.debug_macinfo
 *(.debug_macinfo)

.debug_weaknames
 *(.debug_weaknames)

.debug_funcnames
 *(.debug_funcnames)

.debug_typenames
 *(.debug_typenames)

.debug_varnames
 *(.debug_varnames)

.debug_alt_sim_info
                0x0000000000000000       0x10
 *(.debug_alt_sim_info)
 .debug_alt_sim_info
                0x0000000000000000       0x10 ../wasca_test9_bsp//obj/HAL/src/crt0.o
                0x0000000000084000                __alt_data_end = 0x84000
                0x0000000000084000                PROVIDE (__alt_stack_pointer, __alt_data_end)
                0x00000000000800d4                PROVIDE (__alt_stack_limit, __alt_stack_base)
                0x00000000000800d4                PROVIDE (__alt_heap_start, end)
                0x0000000000084000                PROVIDE (__alt_heap_limit, 0x84000)
OUTPUT(wasca_test9.elf elf32-littlenios2)

.debug_ranges   0x0000000000000000       0xd8
 .debug_ranges  0x0000000000000000       0x20 ../wasca_test9_bsp//obj/HAL/src/crt0.o
 .debug_ranges  0x0000000000000020       0x10 obj/default/hello_world_small.o
 .debug_ranges  0x0000000000000030       0x48 ../wasca_test9_bsp/\libhal_bsp.a(alt_load.o)
 .debug_ranges  0x0000000000000078       0x18 ../wasca_test9_bsp/\libhal_bsp.a(alt_printf.o)
 .debug_ranges  0x0000000000000090       0x18 ../wasca_test9_bsp/\libhal_bsp.a(alt_sys_init.o)
 .debug_ranges  0x00000000000000a8       0x20 ../wasca_test9_bsp/\libhal_bsp.a(alt_dev_llist_insert.o)
 .debug_ranges  0x00000000000000c8       0x10 c:/altera_lite/15.1/nios2eds/bin/gnu/h-x86_64-mingw32/bin/../lib/gcc/nios2-elf/4.9.2/../../../../../H-x86_64-mingw32/nios2-elf/lib/mno-hw-mul\libsmallc.a(lib_a-strlen.o)
