Archive member included to satisfy reference by file (symbol)

../wasca_test9_bsp/\libhal_bsp.a(alt_load.o)
                              ../wasca_test9_bsp//obj/HAL/src/crt0.o (alt_load)
../wasca_test9_bsp/\libhal_bsp.a(alt_main.o)
                              ../wasca_test9_bsp//obj/HAL/src/crt0.o (alt_main)
../wasca_test9_bsp/\libhal_bsp.a(alt_printf.o)
                              obj/default/hello_world_small.o (alt_printf)
../wasca_test9_bsp/\libhal_bsp.a(alt_putchar.o)
                              ../wasca_test9_bsp/\libhal_bsp.a(alt_printf.o) (alt_putchar)
../wasca_test9_bsp/\libhal_bsp.a(alt_putstr.o)
                              obj/default/hello_world_small.o (alt_putstr)
../wasca_test9_bsp/\libhal_bsp.a(alt_sys_init.o)
                              ../wasca_test9_bsp/\libhal_bsp.a(alt_main.o) (alt_irq_init)
../wasca_test9_bsp/\libhal_bsp.a(altera_avalon_uart_write.o)
                              ../wasca_test9_bsp/\libhal_bsp.a(alt_putchar.o) (altera_avalon_uart_write)
../wasca_test9_bsp/\libhal_bsp.a(alt_dcache_flush_all.o)
                              ../wasca_test9_bsp/\libhal_bsp.a(alt_load.o) (alt_dcache_flush_all)
../wasca_test9_bsp/\libhal_bsp.a(alt_dev.o)
                              ../wasca_test9_bsp/\libhal_bsp.a(alt_sys_init.o) (alt_dev_list)
../wasca_test9_bsp/\libhal_bsp.a(alt_dev_llist_insert.o)
                              ../wasca_test9_bsp/\libhal_bsp.a(alt_sys_init.o) (alt_dev_llist_insert)
../wasca_test9_bsp/\libhal_bsp.a(alt_errno.o)
                              ../wasca_test9_bsp/\libhal_bsp.a(altera_avalon_uart_write.o) (alt_errno)
../wasca_test9_bsp/\libhal_bsp.a(alt_icache_flush_all.o)
                              ../wasca_test9_bsp/\libhal_bsp.a(alt_load.o) (alt_icache_flush_all)
../wasca_test9_bsp/\libhal_bsp.a(altera_nios2_gen2_irq.o)
                              ../wasca_test9_bsp/\libhal_bsp.a(alt_sys_init.o) (altera_nios2_gen2_irq_init)
c:/altera/15.0/nios2eds/bin/gnu/h-x86_64-mingw32/bin/../lib/gcc/nios2-elf/4.9.1/../../../../../H-x86_64-mingw32/nios2-elf/lib/mno-hw-mul\libsmallc.a(lib_a-int_errno.o)
                              ../wasca_test9_bsp/\libhal_bsp.a(altera_avalon_uart_write.o) (errno)
c:/altera/15.0/nios2eds/bin/gnu/h-x86_64-mingw32/bin/../lib/gcc/nios2-elf/4.9.1/../../../../../H-x86_64-mingw32/nios2-elf/lib/mno-hw-mul\libsmallc.a(lib_a-strlen.o)
                              ../wasca_test9_bsp/\libhal_bsp.a(alt_putstr.o) (strlen)

Allocating common symbols
Common symbol       size              file

errno               0x4               c:/altera/15.0/nios2eds/bin/gnu/h-x86_64-mingw32/bin/../lib/gcc/nios2-elf/4.9.1/../../../../../H-x86_64-mingw32/nios2-elf/lib/mno-hw-mul\libsmallc.a(lib_a-int_errno.o)

Memory Configuration

Name             Origin             Length             Attributes
reset            0x0000000000000000 0x0000000000000020
onchip_flash_0   0x0000000000000020 0x000000000002afe0
onchip_memory2_0_BEFORE_EXCEPTION 0x0000000000080000 0x0000000000000020
onchip_memory2_0 0x0000000000080020 0x00000000000027e0
external_sdram_controller 0x0000000004000000 0x0000000002000000
*default*        0x0000000000000000 0xffffffffffffffff

Linker script and memory map

LOAD ../wasca_test9_bsp//obj/HAL/src/crt0.o
LOAD obj/default/hello_world_small.o
LOAD obj/default/wasca_short.o
LOAD c:/altera/15.0/nios2eds/bin/gnu/h-x86_64-mingw32/bin/../lib/gcc/nios2-elf/4.9.1/../../../../../H-x86_64-mingw32/nios2-elf/lib/mno-hw-mul\libstdc++.a
LOAD c:/altera/15.0/nios2eds/bin/gnu/h-x86_64-mingw32/bin/../lib/gcc/nios2-elf/4.9.1/../../../../../H-x86_64-mingw32/nios2-elf/lib/mno-hw-mul\libm.a
LOAD c:/altera/15.0/nios2eds/bin/gnu/h-x86_64-mingw32/bin/../lib/gcc/nios2-elf/4.9.1/mno-hw-mul\libgcc.a
START GROUP
LOAD c:/altera/15.0/nios2eds/bin/gnu/h-x86_64-mingw32/bin/../lib/gcc/nios2-elf/4.9.1/../../../../../H-x86_64-mingw32/nios2-elf/lib/mno-hw-mul\libsmallc.a
LOAD c:/altera/15.0/nios2eds/bin/gnu/h-x86_64-mingw32/bin/../lib/gcc/nios2-elf/4.9.1/mno-hw-mul\libgcc.a
LOAD ../wasca_test9_bsp/\libhal_bsp.a
LOAD c:/altera/15.0/nios2eds/bin/gnu/h-x86_64-mingw32/bin/../lib/gcc/nios2-elf/4.9.1/../../../../../H-x86_64-mingw32/nios2-elf/lib/mno-hw-mul\libm.a
END GROUP
LOAD c:/altera/15.0/nios2eds/bin/gnu/h-x86_64-mingw32/bin/../lib/gcc/nios2-elf/4.9.1/mno-hw-mul\libgcc.a
                0x0000000000000000                __alt_mem_onchip_flash_0 = 0x0
                0x0000000000080000                __alt_mem_onchip_memory2_0 = 0x80000
                0x0000000004000000                __alt_mem_external_sdram_controller = 0x4000000

.entry          0x0000000000000000       0x20
 *(.entry)
 .entry         0x0000000000000000       0x20 ../wasca_test9_bsp//obj/HAL/src/crt0.o
                0x0000000000000000                __reset
                0x000000000000000c                _exit

.exceptions     0x0000000000080020        0x0 load address 0x0000000000000020
                0x0000000000080020                PROVIDE (__ram_exceptions_start, ABSOLUTE (.))
                0x0000000000080020                . = ALIGN (0x20)
 *(.irq)
 *(.exceptions.entry.label)
 *(.exceptions.entry.user)
 *(.exceptions.entry.ecc_fatal)
 *(.exceptions.entry)
 *(.exceptions.irqtest.user)
 *(.exceptions.irqtest)
 *(.exceptions.irqhandler.user)
 *(.exceptions.irqhandler)
 *(.exceptions.irqreturn.user)
 *(.exceptions.irqreturn)
 *(.exceptions.notirq.label)
 *(.exceptions.notirq.user)
 *(.exceptions.notirq)
 *(.exceptions.soft.user)
 *(.exceptions.soft)
 *(.exceptions.unknown.user)
 *(.exceptions.unknown)
 *(.exceptions.exit.label)
 *(.exceptions.exit.user)
 *(.exceptions.exit)
 *(.exceptions)
                0x0000000000080020                PROVIDE (__ram_exceptions_end, ABSOLUTE (.))
                0x0000000000000020                PROVIDE (__flash_exceptions_start, LOADADDR (.exceptions))

.text           0x0000000000000020      0x7f8
                0x0000000000000020                PROVIDE (stext, ABSOLUTE (.))
 *(.interp)
 *(.hash)
 *(.dynsym)
 *(.dynstr)
 *(.gnu.version)
 *(.gnu.version_d)
 *(.gnu.version_r)
 *(.rel.init)
 *(.rela.init)
 *(.rel.text .rel.text.* .rel.gnu.linkonce.t.*)
 *(.rela.text .rela.text.* .rela.gnu.linkonce.t.*)
 *(.rel.fini)
 *(.rela.fini)
 *(.rel.rodata .rel.rodata.* .rel.gnu.linkonce.r.*)
 *(.rela.rodata .rela.rodata.* .rela.gnu.linkonce.r.*)
 *(.rel.data .rel.data.* .rel.gnu.linkonce.d.*)
 *(.rela.data .rela.data.* .rela.gnu.linkonce.d.*)
 *(.rel.tdata .rel.tdata.* .rel.gnu.linkonce.td.*)
 *(.rela.tdata .rela.tdata.* .rela.gnu.linkonce.td.*)
 *(.rel.tbss .rel.tbss.* .rel.gnu.linkonce.tb.*)
 *(.rela.tbss .rela.tbss.* .rela.gnu.linkonce.tb.*)
 *(.rel.ctors)
 *(.rela.ctors)
 *(.rel.dtors)
 *(.rela.dtors)
 *(.rel.got)
 *(.rela.got)
 *(.rel.sdata .rel.sdata.* .rel.gnu.linkonce.s.*)
 *(.rela.sdata .rela.sdata.* .rela.gnu.linkonce.s.*)
 *(.rel.sbss .rel.sbss.* .rel.gnu.linkonce.sb.*)
 *(.rela.sbss .rela.sbss.* .rela.gnu.linkonce.sb.*)
 *(.rel.sdata2 .rel.sdata2.* .rel.gnu.linkonce.s2.*)
 *(.rela.sdata2 .rela.sdata2.* .rela.gnu.linkonce.s2.*)
 *(.rel.sbss2 .rel.sbss2.* .rel.gnu.linkonce.sb2.*)
 *(.rela.sbss2 .rela.sbss2.* .rela.gnu.linkonce.sb2.*)
 *(.rel.bss .rel.bss.* .rel.gnu.linkonce.b.*)
 *(.rela.bss .rela.bss.* .rela.gnu.linkonce.b.*)
 *(.rel.plt)
 *(.rela.plt)
 *(.rel.dyn)
 *(.init)
 *(.plt)
 *(.text .stub .text.* .gnu.linkonce.t.*)
 .text          0x0000000000000020       0x3c ../wasca_test9_bsp//obj/HAL/src/crt0.o
                0x0000000000000020                _start
 .text          0x000000000000005c        0x0 obj/default/hello_world_small.o
 .text.startup  0x000000000000005c      0x33c obj/default/hello_world_small.o
                0x000000000000005c                main
 .text          0x0000000000000398        0x0 obj/default/wasca_short.o
 .text          0x0000000000000398       0xf8 ../wasca_test9_bsp/\libhal_bsp.a(alt_load.o)
                0x0000000000000398                alt_load
 .text          0x0000000000000490       0x2c ../wasca_test9_bsp/\libhal_bsp.a(alt_main.o)
                0x0000000000000490                alt_main
 .text          0x00000000000004bc      0x16c ../wasca_test9_bsp/\libhal_bsp.a(alt_printf.o)
                0x00000000000004bc                alt_printf
 .text          0x0000000000000628       0x48 ../wasca_test9_bsp/\libhal_bsp.a(alt_putchar.o)
                0x0000000000000628                alt_putchar
 .text          0x0000000000000670       0x38 ../wasca_test9_bsp/\libhal_bsp.a(alt_putstr.o)
                0x0000000000000670                alt_putstr
 .text          0x00000000000006a8       0x34 ../wasca_test9_bsp/\libhal_bsp.a(alt_sys_init.o)
                0x00000000000006a8                alt_irq_init
                0x00000000000006c8                alt_sys_init
 .text          0x00000000000006dc       0x90 ../wasca_test9_bsp/\libhal_bsp.a(altera_avalon_uart_write.o)
                0x00000000000006dc                altera_avalon_uart_write
 .text          0x000000000000076c        0x4 ../wasca_test9_bsp/\libhal_bsp.a(alt_dcache_flush_all.o)
                0x000000000000076c                alt_dcache_flush_all
 .text          0x0000000000000770        0x8 ../wasca_test9_bsp/\libhal_bsp.a(alt_dev.o)
 .text          0x0000000000000778       0x78 ../wasca_test9_bsp/\libhal_bsp.a(alt_dev_llist_insert.o)
                0x0000000000000778                alt_dev_llist_insert
 .text          0x00000000000007f0        0x0 ../wasca_test9_bsp/\libhal_bsp.a(alt_errno.o)
 .text          0x00000000000007f0        0x4 ../wasca_test9_bsp/\libhal_bsp.a(alt_icache_flush_all.o)
                0x00000000000007f0                alt_icache_flush_all
 .text          0x00000000000007f4        0x8 ../wasca_test9_bsp/\libhal_bsp.a(altera_nios2_gen2_irq.o)
                0x00000000000007f4                altera_nios2_gen2_irq_init
 .text          0x00000000000007fc        0x0 c:/altera/15.0/nios2eds/bin/gnu/h-x86_64-mingw32/bin/../lib/gcc/nios2-elf/4.9.1/../../../../../H-x86_64-mingw32/nios2-elf/lib/mno-hw-mul\libsmallc.a(lib_a-int_errno.o)
 .text          0x00000000000007fc       0x1c c:/altera/15.0/nios2eds/bin/gnu/h-x86_64-mingw32/bin/../lib/gcc/nios2-elf/4.9.1/../../../../../H-x86_64-mingw32/nios2-elf/lib/mno-hw-mul\libsmallc.a(lib_a-strlen.o)
                0x00000000000007fc                strlen
 *(.gnu.warning.*)
 *(.fini)
                0x0000000000000818                PROVIDE (__etext, ABSOLUTE (.))
                0x0000000000000818                PROVIDE (_etext, ABSOLUTE (.))
                0x0000000000000818                PROVIDE (etext, ABSOLUTE (.))
 *(.eh_frame_hdr)
                0x0000000000000818                . = ALIGN (0x4)
                0x0000000000000818                PROVIDE (__preinit_array_start, ABSOLUTE (.))
 *(.preinit_array)
                0x0000000000000818                PROVIDE (__preinit_array_end, ABSOLUTE (.))
                0x0000000000000818                PROVIDE (__init_array_start, ABSOLUTE (.))
 *(.init_array)
                0x0000000000000818                PROVIDE (__init_array_end, ABSOLUTE (.))
                0x0000000000000818                PROVIDE (__fini_array_start, ABSOLUTE (.))
 *(.fini_array)
                0x0000000000000818                PROVIDE (__fini_array_end, ABSOLUTE (.))
 *(.eh_frame)
 *(.gcc_except_table .gcc_except_table.*)
 *(.dynamic)
                0x0000000000000818                PROVIDE (__CTOR_LIST__, ABSOLUTE (.))
 *(.ctors)
 *(SORT(.ctors.*))
                0x0000000000000818                PROVIDE (__CTOR_END__, ABSOLUTE (.))
                0x0000000000000818                PROVIDE (__DTOR_LIST__, ABSOLUTE (.))
 *(.dtors)
 *(SORT(.dtors.*))
                0x0000000000000818                PROVIDE (__DTOR_END__, ABSOLUTE (.))
 *(.jcr)
                0x0000000000000818                . = ALIGN (0x4)

.rodata         0x0000000000000818     0xeda4
                0x0000000000000818                PROVIDE (__ram_rodata_start, ABSOLUTE (.))
                0x0000000000000818                . = ALIGN (0x4)
 *(.rodata .rodata.* .gnu.linkonce.r.*)
 .rodata.str1.4
                0x0000000000000818      0x11a obj/default/hello_world_small.o
                                        0x11c (size before relaxing)
 *fill*         0x0000000000000932        0x2 
 .rodata        0x0000000000000934       0x50 obj/default/hello_world_small.o
                0x0000000000000934                Wasca_Sysarea_Signature
                0x0000000000000974                Power_Memory_Signature
 .rodata        0x0000000000000984     0xec00 obj/default/wasca_short.o
                0x0000000000000984                rawData
 .rodata.str1.4
                0x000000000000f584       0x2a ../wasca_test9_bsp/\libhal_bsp.a(alt_sys_init.o)
                                         0x2c (size before relaxing)
 *fill*         0x000000000000f5ae        0x2 
 .rodata.str1.4
                0x000000000000f5b0        0xc ../wasca_test9_bsp/\libhal_bsp.a(alt_dev.o)
 *(.rodata1)
                0x000000000000f5bc                . = ALIGN (0x4)
                0x000000000000f5bc                PROVIDE (__ram_rodata_end, ABSOLUTE (.))
                0x0000000000000818                PROVIDE (__flash_rodata_start, LOADADDR (.rodata))

.rwdata         0x0000000000080020       0xa0 load address 0x000000000000f5bc
                0x0000000000080020                PROVIDE (__ram_rwdata_start, ABSOLUTE (.))
                0x0000000000080020                . = ALIGN (0x4)
 *(.got.plt)
 *(.got)
 *(.data1)
 *(.data .data.* .gnu.linkonce.d.*)
 .data          0x0000000000080020        0x0 ../wasca_test9_bsp//obj/HAL/src/crt0.o
 .data          0x0000000000080020        0x0 obj/default/hello_world_small.o
 .data          0x0000000000080020        0x0 obj/default/wasca_short.o
 .data          0x0000000000080020        0x0 ../wasca_test9_bsp/\libhal_bsp.a(alt_load.o)
 .data          0x0000000000080020        0x0 ../wasca_test9_bsp/\libhal_bsp.a(alt_main.o)
 .data          0x0000000000080020        0x0 ../wasca_test9_bsp/\libhal_bsp.a(alt_printf.o)
 .data          0x0000000000080020        0x0 ../wasca_test9_bsp/\libhal_bsp.a(alt_putchar.o)
 .data          0x0000000000080020        0x0 ../wasca_test9_bsp/\libhal_bsp.a(alt_putstr.o)
 .data          0x0000000000080020       0x2c ../wasca_test9_bsp/\libhal_bsp.a(alt_sys_init.o)
 .data          0x000000000008004c        0x0 ../wasca_test9_bsp/\libhal_bsp.a(altera_avalon_uart_write.o)
 .data          0x000000000008004c        0x0 ../wasca_test9_bsp/\libhal_bsp.a(alt_dcache_flush_all.o)
 .data          0x000000000008004c       0x58 ../wasca_test9_bsp/\libhal_bsp.a(alt_dev.o)
                0x000000000008004c                alt_fd_list
                0x000000000008007c                alt_dev_null
 .data          0x00000000000800a4        0x0 ../wasca_test9_bsp/\libhal_bsp.a(alt_dev_llist_insert.o)
 .data          0x00000000000800a4        0x0 ../wasca_test9_bsp/\libhal_bsp.a(alt_errno.o)
 .data          0x00000000000800a4        0x0 ../wasca_test9_bsp/\libhal_bsp.a(alt_icache_flush_all.o)
 .data          0x00000000000800a4        0x0 ../wasca_test9_bsp/\libhal_bsp.a(altera_nios2_gen2_irq.o)
 .data          0x00000000000800a4        0x0 c:/altera/15.0/nios2eds/bin/gnu/h-x86_64-mingw32/bin/../lib/gcc/nios2-elf/4.9.1/../../../../../H-x86_64-mingw32/nios2-elf/lib/mno-hw-mul\libsmallc.a(lib_a-int_errno.o)
 .data          0x00000000000800a4        0x0 c:/altera/15.0/nios2eds/bin/gnu/h-x86_64-mingw32/bin/../lib/gcc/nios2-elf/4.9.1/../../../../../H-x86_64-mingw32/nios2-elf/lib/mno-hw-mul\libsmallc.a(lib_a-strlen.o)
                0x00000000000880a4                _gp = ABSOLUTE ((. + 0x8000))
                0x00000000000880a4                PROVIDE (gp, _gp)
 *(.rwdata .rwdata.*)
 *(.sdata .sdata.* .gnu.linkonce.s.*)
 .sdata         0x00000000000800a4        0x4 ../wasca_test9_bsp/\libhal_bsp.a(alt_sys_init.o)
                0x00000000000800a4                uart_0
 .sdata         0x00000000000800a8       0x14 ../wasca_test9_bsp/\libhal_bsp.a(alt_dev.o)
                0x00000000000800a8                alt_max_fd
                0x00000000000800ac                alt_dev_list
                0x00000000000800b4                alt_fs_list
 .sdata         0x00000000000800bc        0x4 ../wasca_test9_bsp/\libhal_bsp.a(alt_errno.o)
                0x00000000000800bc                alt_errno
 *(.sdata2 .sdata2.* .gnu.linkonce.s2.*)
                0x00000000000800c0                . = ALIGN (0x4)
                0x00000000000800c0                _edata = ABSOLUTE (.)
                0x00000000000800c0                PROVIDE (edata, ABSOLUTE (.))
                0x00000000000800c0                PROVIDE (__ram_rwdata_end, ABSOLUTE (.))
                0x000000000000f5bc                PROVIDE (__flash_rwdata_start, LOADADDR (.rwdata))

.bss            0x00000000000800c0       0x10 load address 0x000000000000f65c
                0x00000000000800c0                __bss_start = ABSOLUTE (.)
                0x00000000000800c0                PROVIDE (__sbss_start, ABSOLUTE (.))
                0x00000000000800c0                PROVIDE (___sbss_start, ABSOLUTE (.))
 *(.dynsbss)
 *(.sbss .sbss.* .gnu.linkonce.sb.*)
 .sbss          0x00000000000800c0        0xc ../wasca_test9_bsp/\libhal_bsp.a(alt_main.o)
                0x00000000000800c0                alt_envp
                0x00000000000800c4                alt_argv
                0x00000000000800c8                alt_argc
 .sbss          0x00000000000800cc        0x4 c:/altera/15.0/nios2eds/bin/gnu/h-x86_64-mingw32/bin/../lib/gcc/nios2-elf/4.9.1/../../../../../H-x86_64-mingw32/nios2-elf/lib/mno-hw-mul\libsmallc.a(lib_a-int_errno.o)
                0x00000000000800cc                errno
 *(.sbss2 .sbss2.* .gnu.linkonce.sb2.*)
 *(.scommon)
                0x00000000000800d0                PROVIDE (__sbss_end, ABSOLUTE (.))
                0x00000000000800d0                PROVIDE (___sbss_end, ABSOLUTE (.))
 *(.dynbss)
 *(.bss .bss.* .gnu.linkonce.b.*)
 .bss           0x00000000000800d0        0x0 ../wasca_test9_bsp//obj/HAL/src/crt0.o
 .bss           0x00000000000800d0        0x0 obj/default/hello_world_small.o
 .bss           0x00000000000800d0        0x0 obj/default/wasca_short.o
 .bss           0x00000000000800d0        0x0 ../wasca_test9_bsp/\libhal_bsp.a(alt_load.o)
 .bss           0x00000000000800d0        0x0 ../wasca_test9_bsp/\libhal_bsp.a(alt_main.o)
 .bss           0x00000000000800d0        0x0 ../wasca_test9_bsp/\libhal_bsp.a(alt_printf.o)
 .bss           0x00000000000800d0        0x0 ../wasca_test9_bsp/\libhal_bsp.a(alt_putchar.o)
 .bss           0x00000000000800d0        0x0 ../wasca_test9_bsp/\libhal_bsp.a(alt_putstr.o)
 .bss           0x00000000000800d0        0x0 ../wasca_test9_bsp/\libhal_bsp.a(alt_sys_init.o)
 .bss           0x00000000000800d0        0x0 ../wasca_test9_bsp/\libhal_bsp.a(altera_avalon_uart_write.o)
 .bss           0x00000000000800d0        0x0 ../wasca_test9_bsp/\libhal_bsp.a(alt_dcache_flush_all.o)
 .bss           0x00000000000800d0        0x0 ../wasca_test9_bsp/\libhal_bsp.a(alt_dev.o)
 .bss           0x00000000000800d0        0x0 ../wasca_test9_bsp/\libhal_bsp.a(alt_dev_llist_insert.o)
 .bss           0x00000000000800d0        0x0 ../wasca_test9_bsp/\libhal_bsp.a(alt_errno.o)
 .bss           0x00000000000800d0        0x0 ../wasca_test9_bsp/\libhal_bsp.a(alt_icache_flush_all.o)
 .bss           0x00000000000800d0        0x0 ../wasca_test9_bsp/\libhal_bsp.a(altera_nios2_gen2_irq.o)
 .bss           0x00000000000800d0        0x0 c:/altera/15.0/nios2eds/bin/gnu/h-x86_64-mingw32/bin/../lib/gcc/nios2-elf/4.9.1/../../../../../H-x86_64-mingw32/nios2-elf/lib/mno-hw-mul\libsmallc.a(lib_a-int_errno.o)
 .bss           0x00000000000800d0        0x0 c:/altera/15.0/nios2eds/bin/gnu/h-x86_64-mingw32/bin/../lib/gcc/nios2-elf/4.9.1/../../../../../H-x86_64-mingw32/nios2-elf/lib/mno-hw-mul\libsmallc.a(lib_a-strlen.o)
 *(COMMON)
                0x00000000000800d0                . = ALIGN (0x4)
                0x00000000000800d0                __bss_end = ABSOLUTE (.)

.onchip_flash_0
                0x000000000000f65c        0x0
                0x000000000000f65c                PROVIDE (_alt_partition_onchip_flash_0_start, ABSOLUTE (.))
 *(.onchip_flash_0 .onchip_flash_0. onchip_flash_0.*)
                0x000000000000f65c                . = ALIGN (0x4)
                0x000000000000f65c                PROVIDE (_alt_partition_onchip_flash_0_end, ABSOLUTE (.))
                0x000000000000f65c                PROVIDE (_alt_partition_onchip_flash_0_load_addr, LOADADDR (.onchip_flash_0))

.onchip_memory2_0
                0x00000000000800d0        0x0 load address 0x000000000000f65c
                0x00000000000800d0                PROVIDE (_alt_partition_onchip_memory2_0_start, ABSOLUTE (.))
 *(.onchip_memory2_0 .onchip_memory2_0. onchip_memory2_0.*)
                0x00000000000800d0                . = ALIGN (0x4)
                0x00000000000800d0                PROVIDE (_alt_partition_onchip_memory2_0_end, ABSOLUTE (.))
                0x00000000000800d0                _end = ABSOLUTE (.)
                0x00000000000800d0                end = ABSOLUTE (.)
                0x00000000000800d0                __alt_stack_base = ABSOLUTE (.)
                0x000000000000f65c                PROVIDE (_alt_partition_onchip_memory2_0_load_addr, LOADADDR (.onchip_memory2_0))

.external_sdram_controller
                0x0000000004000000        0x0 load address 0x000000000000f65c
                0x0000000004000000                PROVIDE (_alt_partition_external_sdram_controller_start, ABSOLUTE (.))
 *(.external_sdram_controller .external_sdram_controller. external_sdram_controller.*)
                0x0000000004000000                . = ALIGN (0x4)
                0x0000000004000000                PROVIDE (_alt_partition_external_sdram_controller_end, ABSOLUTE (.))
                0x000000000000f65c                PROVIDE (_alt_partition_external_sdram_controller_load_addr, LOADADDR (.external_sdram_controller))

.stab
 *(.stab)

.stabstr
 *(.stabstr)

.stab.excl
 *(.stab.excl)

.stab.exclstr
 *(.stab.exclstr)

.stab.index
 *(.stab.index)

.stab.indexstr
 *(.stab.indexstr)

.comment        0x0000000000000000       0x23
 *(.comment)
 .comment       0x0000000000000000       0x23 obj/default/hello_world_small.o
                                         0x24 (size before relaxing)
 .comment       0x0000000000000000       0x24 obj/default/wasca_short.o
 .comment       0x0000000000000000       0x24 ../wasca_test9_bsp/\libhal_bsp.a(alt_load.o)
 .comment       0x0000000000000000       0x24 ../wasca_test9_bsp/\libhal_bsp.a(alt_main.o)
 .comment       0x0000000000000000       0x24 ../wasca_test9_bsp/\libhal_bsp.a(alt_printf.o)
 .comment       0x0000000000000000       0x24 ../wasca_test9_bsp/\libhal_bsp.a(alt_putchar.o)
 .comment       0x0000000000000000       0x24 ../wasca_test9_bsp/\libhal_bsp.a(alt_putstr.o)
 .comment       0x0000000000000000       0x24 ../wasca_test9_bsp/\libhal_bsp.a(alt_sys_init.o)
 .comment       0x0000000000000000       0x24 ../wasca_test9_bsp/\libhal_bsp.a(altera_avalon_uart_write.o)
 .comment       0x0000000000000000       0x24 ../wasca_test9_bsp/\libhal_bsp.a(alt_dcache_flush_all.o)
 .comment       0x0000000000000000       0x24 ../wasca_test9_bsp/\libhal_bsp.a(alt_dev.o)
 .comment       0x0000000000000000       0x24 ../wasca_test9_bsp/\libhal_bsp.a(alt_dev_llist_insert.o)
 .comment       0x0000000000000000       0x24 ../wasca_test9_bsp/\libhal_bsp.a(alt_errno.o)
 .comment       0x0000000000000000       0x24 ../wasca_test9_bsp/\libhal_bsp.a(alt_icache_flush_all.o)
 .comment       0x0000000000000000       0x24 ../wasca_test9_bsp/\libhal_bsp.a(altera_nios2_gen2_irq.o)
 .comment       0x0000000000000000       0x24 c:/altera/15.0/nios2eds/bin/gnu/h-x86_64-mingw32/bin/../lib/gcc/nios2-elf/4.9.1/../../../../../H-x86_64-mingw32/nios2-elf/lib/mno-hw-mul\libsmallc.a(lib_a-int_errno.o)
 .comment       0x0000000000000000       0x24 c:/altera/15.0/nios2eds/bin/gnu/h-x86_64-mingw32/bin/../lib/gcc/nios2-elf/4.9.1/../../../../../H-x86_64-mingw32/nios2-elf/lib/mno-hw-mul\libsmallc.a(lib_a-strlen.o)

.debug
 *(.debug)

.line
 *(.line)

.debug_srcinfo
 *(.debug_srcinfo)

.debug_sfnames
 *(.debug_sfnames)

.debug_aranges  0x0000000000000000      0x230
 *(.debug_aranges)
 .debug_aranges
                0x0000000000000000       0x28 ../wasca_test9_bsp//obj/HAL/src/crt0.o
 .debug_aranges
                0x0000000000000028       0x20 obj/default/hello_world_small.o
 .debug_aranges
                0x0000000000000048       0x18 obj/default/wasca_short.o
 .debug_aranges
                0x0000000000000060       0x20 ../wasca_test9_bsp/\libhal_bsp.a(alt_load.o)
 .debug_aranges
                0x0000000000000080       0x20 ../wasca_test9_bsp/\libhal_bsp.a(alt_main.o)
 .debug_aranges
                0x00000000000000a0       0x20 ../wasca_test9_bsp/\libhal_bsp.a(alt_printf.o)
 .debug_aranges
                0x00000000000000c0       0x20 ../wasca_test9_bsp/\libhal_bsp.a(alt_putchar.o)
 .debug_aranges
                0x00000000000000e0       0x20 ../wasca_test9_bsp/\libhal_bsp.a(alt_putstr.o)
 .debug_aranges
                0x0000000000000100       0x20 ../wasca_test9_bsp/\libhal_bsp.a(alt_sys_init.o)
 .debug_aranges
                0x0000000000000120       0x20 ../wasca_test9_bsp/\libhal_bsp.a(altera_avalon_uart_write.o)
 .debug_aranges
                0x0000000000000140       0x20 ../wasca_test9_bsp/\libhal_bsp.a(alt_dcache_flush_all.o)
 .debug_aranges
                0x0000000000000160       0x20 ../wasca_test9_bsp/\libhal_bsp.a(alt_dev.o)
 .debug_aranges
                0x0000000000000180       0x20 ../wasca_test9_bsp/\libhal_bsp.a(alt_dev_llist_insert.o)
 .debug_aranges
                0x00000000000001a0       0x18 ../wasca_test9_bsp/\libhal_bsp.a(alt_errno.o)
 .debug_aranges
                0x00000000000001b8       0x20 ../wasca_test9_bsp/\libhal_bsp.a(alt_icache_flush_all.o)
 .debug_aranges
                0x00000000000001d8       0x20 ../wasca_test9_bsp/\libhal_bsp.a(altera_nios2_gen2_irq.o)
 .debug_aranges
                0x00000000000001f8       0x18 c:/altera/15.0/nios2eds/bin/gnu/h-x86_64-mingw32/bin/../lib/gcc/nios2-elf/4.9.1/../../../../../H-x86_64-mingw32/nios2-elf/lib/mno-hw-mul\libsmallc.a(lib_a-int_errno.o)
 .debug_aranges
                0x0000000000000210       0x20 c:/altera/15.0/nios2eds/bin/gnu/h-x86_64-mingw32/bin/../lib/gcc/nios2-elf/4.9.1/../../../../../H-x86_64-mingw32/nios2-elf/lib/mno-hw-mul\libsmallc.a(lib_a-strlen.o)

.debug_pubnames
 *(.debug_pubnames)

.debug_info     0x0000000000000000     0x1a62
 *(.debug_info .gnu.linkonce.wi.*)
 .debug_info    0x0000000000000000       0x6b ../wasca_test9_bsp//obj/HAL/src/crt0.o
 .debug_info    0x000000000000006b      0x2e0 obj/default/hello_world_small.o
 .debug_info    0x000000000000034b       0x53 obj/default/wasca_short.o
 .debug_info    0x000000000000039e      0x1d2 ../wasca_test9_bsp/\libhal_bsp.a(alt_load.o)
 .debug_info    0x0000000000000570      0x17b ../wasca_test9_bsp/\libhal_bsp.a(alt_main.o)
 .debug_info    0x00000000000006eb      0x153 ../wasca_test9_bsp/\libhal_bsp.a(alt_printf.o)
 .debug_info    0x000000000000083e      0x138 ../wasca_test9_bsp/\libhal_bsp.a(alt_putchar.o)
 .debug_info    0x0000000000000976      0x15d ../wasca_test9_bsp/\libhal_bsp.a(alt_putstr.o)
 .debug_info    0x0000000000000ad3      0x411 ../wasca_test9_bsp/\libhal_bsp.a(alt_sys_init.o)
 .debug_info    0x0000000000000ee4      0x1bf ../wasca_test9_bsp/\libhal_bsp.a(altera_avalon_uart_write.o)
 .debug_info    0x00000000000010a3       0x8b ../wasca_test9_bsp/\libhal_bsp.a(alt_dcache_flush_all.o)
 .debug_info    0x000000000000112e      0x492 ../wasca_test9_bsp/\libhal_bsp.a(alt_dev.o)
 .debug_info    0x00000000000015c0      0x1a8 ../wasca_test9_bsp/\libhal_bsp.a(alt_dev_llist_insert.o)
 .debug_info    0x0000000000001768       0x9f ../wasca_test9_bsp/\libhal_bsp.a(alt_errno.o)
 .debug_info    0x0000000000001807       0x8b ../wasca_test9_bsp/\libhal_bsp.a(alt_icache_flush_all.o)
 .debug_info    0x0000000000001892       0x8b ../wasca_test9_bsp/\libhal_bsp.a(altera_nios2_gen2_irq.o)
 .debug_info    0x000000000000191d       0x83 c:/altera/15.0/nios2eds/bin/gnu/h-x86_64-mingw32/bin/../lib/gcc/nios2-elf/4.9.1/../../../../../H-x86_64-mingw32/nios2-elf/lib/mno-hw-mul\libsmallc.a(lib_a-int_errno.o)
 .debug_info    0x00000000000019a0       0xc2 c:/altera/15.0/nios2eds/bin/gnu/h-x86_64-mingw32/bin/../lib/gcc/nios2-elf/4.9.1/../../../../../H-x86_64-mingw32/nios2-elf/lib/mno-hw-mul\libsmallc.a(lib_a-strlen.o)

.debug_abbrev   0x0000000000000000      0xc87
 *(.debug_abbrev)
 .debug_abbrev  0x0000000000000000       0x12 ../wasca_test9_bsp//obj/HAL/src/crt0.o
 .debug_abbrev  0x0000000000000012      0x135 obj/default/hello_world_small.o
 .debug_abbrev  0x0000000000000147       0x45 obj/default/wasca_short.o
 .debug_abbrev  0x000000000000018c       0xe1 ../wasca_test9_bsp/\libhal_bsp.a(alt_load.o)
 .debug_abbrev  0x000000000000026d      0x120 ../wasca_test9_bsp/\libhal_bsp.a(alt_main.o)
 .debug_abbrev  0x000000000000038d       0xde ../wasca_test9_bsp/\libhal_bsp.a(alt_printf.o)
 .debug_abbrev  0x000000000000046b       0xd4 ../wasca_test9_bsp/\libhal_bsp.a(alt_putchar.o)
 .debug_abbrev  0x000000000000053f       0xe2 ../wasca_test9_bsp/\libhal_bsp.a(alt_putstr.o)
 .debug_abbrev  0x0000000000000621      0x1b3 ../wasca_test9_bsp/\libhal_bsp.a(alt_sys_init.o)
 .debug_abbrev  0x00000000000007d4       0xe8 ../wasca_test9_bsp/\libhal_bsp.a(altera_avalon_uart_write.o)
 .debug_abbrev  0x00000000000008bc       0x42 ../wasca_test9_bsp/\libhal_bsp.a(alt_dcache_flush_all.o)
 .debug_abbrev  0x00000000000008fe       0xd9 ../wasca_test9_bsp/\libhal_bsp.a(alt_dev.o)
 .debug_abbrev  0x00000000000009d7      0x11c ../wasca_test9_bsp/\libhal_bsp.a(alt_dev_llist_insert.o)
 .debug_abbrev  0x0000000000000af3       0x5a ../wasca_test9_bsp/\libhal_bsp.a(alt_errno.o)
 .debug_abbrev  0x0000000000000b4d       0x42 ../wasca_test9_bsp/\libhal_bsp.a(alt_icache_flush_all.o)
 .debug_abbrev  0x0000000000000b8f       0x42 ../wasca_test9_bsp/\libhal_bsp.a(altera_nios2_gen2_irq.o)
 .debug_abbrev  0x0000000000000bd1       0x37 c:/altera/15.0/nios2eds/bin/gnu/h-x86_64-mingw32/bin/../lib/gcc/nios2-elf/4.9.1/../../../../../H-x86_64-mingw32/nios2-elf/lib/mno-hw-mul\libsmallc.a(lib_a-int_errno.o)
 .debug_abbrev  0x0000000000000c08       0x7f c:/altera/15.0/nios2eds/bin/gnu/h-x86_64-mingw32/bin/../lib/gcc/nios2-elf/4.9.1/../../../../../H-x86_64-mingw32/nios2-elf/lib/mno-hw-mul\libsmallc.a(lib_a-strlen.o)

.debug_line     0x0000000000000000      0xc6a
 *(.debug_line)
 .debug_line    0x0000000000000000       0x66 ../wasca_test9_bsp//obj/HAL/src/crt0.o
 .debug_line    0x0000000000000066      0x145 obj/default/hello_world_small.o
 .debug_line    0x00000000000001ab       0x2e obj/default/wasca_short.o
 .debug_line    0x00000000000001d9       0xa6 ../wasca_test9_bsp/\libhal_bsp.a(alt_load.o)
 .debug_line    0x000000000000027f       0xbd ../wasca_test9_bsp/\libhal_bsp.a(alt_main.o)
 .debug_line    0x000000000000033c      0x108 ../wasca_test9_bsp/\libhal_bsp.a(alt_printf.o)
 .debug_line    0x0000000000000444       0x4d ../wasca_test9_bsp/\libhal_bsp.a(alt_putchar.o)
 .debug_line    0x0000000000000491       0xf5 ../wasca_test9_bsp/\libhal_bsp.a(alt_putstr.o)
 .debug_line    0x0000000000000586      0x137 ../wasca_test9_bsp/\libhal_bsp.a(alt_sys_init.o)
 .debug_line    0x00000000000006bd       0xec ../wasca_test9_bsp/\libhal_bsp.a(altera_avalon_uart_write.o)
 .debug_line    0x00000000000007a9       0x4e ../wasca_test9_bsp/\libhal_bsp.a(alt_dcache_flush_all.o)
 .debug_line    0x00000000000007f7       0xee ../wasca_test9_bsp/\libhal_bsp.a(alt_dev.o)
 .debug_line    0x00000000000008e5       0xd8 ../wasca_test9_bsp/\libhal_bsp.a(alt_dev_llist_insert.o)
 .debug_line    0x00000000000009bd       0x51 ../wasca_test9_bsp/\libhal_bsp.a(alt_errno.o)
 .debug_line    0x0000000000000a0e       0x4e ../wasca_test9_bsp/\libhal_bsp.a(alt_icache_flush_all.o)
 .debug_line    0x0000000000000a5c       0x50 ../wasca_test9_bsp/\libhal_bsp.a(altera_nios2_gen2_irq.o)
 .debug_line    0x0000000000000aac       0x60 c:/altera/15.0/nios2eds/bin/gnu/h-x86_64-mingw32/bin/../lib/gcc/nios2-elf/4.9.1/../../../../../H-x86_64-mingw32/nios2-elf/lib/mno-hw-mul\libsmallc.a(lib_a-int_errno.o)
 .debug_line    0x0000000000000b0c      0x15e c:/altera/15.0/nios2eds/bin/gnu/h-x86_64-mingw32/bin/../lib/gcc/nios2-elf/4.9.1/../../../../../H-x86_64-mingw32/nios2-elf/lib/mno-hw-mul\libsmallc.a(lib_a-strlen.o)

.debug_frame    0x0000000000000000      0x27c
 *(.debug_frame)
 .debug_frame   0x0000000000000000       0x30 obj/default/hello_world_small.o
 .debug_frame   0x0000000000000030       0x30 ../wasca_test9_bsp/\libhal_bsp.a(alt_load.o)
 .debug_frame   0x0000000000000060       0x2c ../wasca_test9_bsp/\libhal_bsp.a(alt_main.o)
 .debug_frame   0x000000000000008c       0x54 ../wasca_test9_bsp/\libhal_bsp.a(alt_printf.o)
 .debug_frame   0x00000000000000e0       0x30 ../wasca_test9_bsp/\libhal_bsp.a(alt_putchar.o)
 .debug_frame   0x0000000000000110       0x30 ../wasca_test9_bsp/\libhal_bsp.a(alt_putstr.o)
 .debug_frame   0x0000000000000140       0x3c ../wasca_test9_bsp/\libhal_bsp.a(alt_sys_init.o)
 .debug_frame   0x000000000000017c       0x34 ../wasca_test9_bsp/\libhal_bsp.a(altera_avalon_uart_write.o)
 .debug_frame   0x00000000000001b0       0x20 ../wasca_test9_bsp/\libhal_bsp.a(alt_dcache_flush_all.o)
 .debug_frame   0x00000000000001d0       0x20 ../wasca_test9_bsp/\libhal_bsp.a(alt_dev.o)
 .debug_frame   0x00000000000001f0       0x2c ../wasca_test9_bsp/\libhal_bsp.a(alt_dev_llist_insert.o)
 .debug_frame   0x000000000000021c       0x20 ../wasca_test9_bsp/\libhal_bsp.a(alt_icache_flush_all.o)
 .debug_frame   0x000000000000023c       0x20 ../wasca_test9_bsp/\libhal_bsp.a(altera_nios2_gen2_irq.o)
 .debug_frame   0x000000000000025c       0x20 c:/altera/15.0/nios2eds/bin/gnu/h-x86_64-mingw32/bin/../lib/gcc/nios2-elf/4.9.1/../../../../../H-x86_64-mingw32/nios2-elf/lib/mno-hw-mul\libsmallc.a(lib_a-strlen.o)

.debug_str      0x0000000000000000      0x947
 *(.debug_str)
 .debug_str     0x0000000000000000       0xfc obj/default/hello_world_small.o
                                        0x106 (size before relaxing)
 .debug_str     0x00000000000000fc       0x46 obj/default/wasca_short.o
                                         0x9d (size before relaxing)
 .debug_str     0x0000000000000142      0x181 ../wasca_test9_bsp/\libhal_bsp.a(alt_load.o)
                                        0x21c (size before relaxing)
 .debug_str     0x00000000000002c3       0x8f ../wasca_test9_bsp/\libhal_bsp.a(alt_main.o)
                                        0x195 (size before relaxing)
 .debug_str     0x0000000000000352       0x59 ../wasca_test9_bsp/\libhal_bsp.a(alt_printf.o)
                                         0xf2 (size before relaxing)
 .debug_str     0x00000000000003ab       0x51 ../wasca_test9_bsp/\libhal_bsp.a(alt_putchar.o)
                                        0x15e (size before relaxing)
 .debug_str     0x00000000000003fc       0x23 ../wasca_test9_bsp/\libhal_bsp.a(alt_putstr.o)
                                        0x16a (size before relaxing)
 .debug_str     0x000000000000041f      0x12b ../wasca_test9_bsp/\libhal_bsp.a(alt_sys_init.o)
                                        0x2aa (size before relaxing)
 .debug_str     0x000000000000054a       0x52 ../wasca_test9_bsp/\libhal_bsp.a(altera_avalon_uart_write.o)
                                        0x1e9 (size before relaxing)
 .debug_str     0x000000000000059c       0x1f ../wasca_test9_bsp/\libhal_bsp.a(alt_dcache_flush_all.o)
                                        0x135 (size before relaxing)
 .debug_str     0x00000000000005bb      0x12c ../wasca_test9_bsp/\libhal_bsp.a(alt_dev.o)
                                        0x2e5 (size before relaxing)
 .debug_str     0x00000000000006e7       0x36 ../wasca_test9_bsp/\libhal_bsp.a(alt_dev_llist_insert.o)
                                        0x1ac (size before relaxing)
 .debug_str     0x000000000000071d       0x14 ../wasca_test9_bsp/\libhal_bsp.a(alt_errno.o)
                                        0x125 (size before relaxing)
 .debug_str     0x0000000000000731       0x1f ../wasca_test9_bsp/\libhal_bsp.a(alt_icache_flush_all.o)
                                        0x135 (size before relaxing)
 .debug_str     0x0000000000000750       0x20 ../wasca_test9_bsp/\libhal_bsp.a(altera_nios2_gen2_irq.o)
                                        0x13c (size before relaxing)
 .debug_str     0x0000000000000770      0x104 c:/altera/15.0/nios2eds/bin/gnu/h-x86_64-mingw32/bin/../lib/gcc/nios2-elf/4.9.1/../../../../../H-x86_64-mingw32/nios2-elf/lib/mno-hw-mul\libsmallc.a(lib_a-int_errno.o)
                                        0x19c (size before relaxing)
 .debug_str     0x0000000000000874       0xd3 c:/altera/15.0/nios2eds/bin/gnu/h-x86_64-mingw32/bin/../lib/gcc/nios2-elf/4.9.1/../../../../../H-x86_64-mingw32/nios2-elf/lib/mno-hw-mul\libsmallc.a(lib_a-strlen.o)
                                        0x1a9 (size before relaxing)

.debug_loc      0x0000000000000000      0x63c
 *(.debug_loc)
 .debug_loc     0x0000000000000000      0x193 obj/default/hello_world_small.o
 .debug_loc     0x0000000000000193       0x8d ../wasca_test9_bsp/\libhal_bsp.a(alt_load.o)
 .debug_loc     0x0000000000000220      0x1c6 ../wasca_test9_bsp/\libhal_bsp.a(alt_printf.o)
 .debug_loc     0x00000000000003e6       0x2c ../wasca_test9_bsp/\libhal_bsp.a(alt_putchar.o)
 .debug_loc     0x0000000000000412       0x37 ../wasca_test9_bsp/\libhal_bsp.a(alt_putstr.o)
 .debug_loc     0x0000000000000449       0x21 ../wasca_test9_bsp/\libhal_bsp.a(alt_sys_init.o)
 .debug_loc     0x000000000000046a      0x15c ../wasca_test9_bsp/\libhal_bsp.a(altera_avalon_uart_write.o)
 .debug_loc     0x00000000000005c6       0x58 ../wasca_test9_bsp/\libhal_bsp.a(alt_dev_llist_insert.o)
 .debug_loc     0x000000000000061e       0x1e c:/altera/15.0/nios2eds/bin/gnu/h-x86_64-mingw32/bin/../lib/gcc/nios2-elf/4.9.1/../../../../../H-x86_64-mingw32/nios2-elf/lib/mno-hw-mul\libsmallc.a(lib_a-strlen.o)

.debug_macinfo
 *(.debug_macinfo)

.debug_weaknames
 *(.debug_weaknames)

.debug_funcnames
 *(.debug_funcnames)

.debug_typenames
 *(.debug_typenames)

.debug_varnames
 *(.debug_varnames)

.debug_alt_sim_info
                0x0000000000000000       0x10
 *(.debug_alt_sim_info)
 .debug_alt_sim_info
                0x0000000000000000       0x10 ../wasca_test9_bsp//obj/HAL/src/crt0.o
                0x0000000000082800                __alt_data_end = 0x82800
                0x0000000000082800                PROVIDE (__alt_stack_pointer, __alt_data_end)
                0x00000000000800d0                PROVIDE (__alt_stack_limit, __alt_stack_base)
                0x00000000000800d0                PROVIDE (__alt_heap_start, end)
                0x0000000000082800                PROVIDE (__alt_heap_limit, 0x82800)
OUTPUT(wasca_test9.elf elf32-littlenios2)

.debug_ranges   0x0000000000000000       0xc8
 .debug_ranges  0x0000000000000000       0x20 ../wasca_test9_bsp//obj/HAL/src/crt0.o
 .debug_ranges  0x0000000000000020       0x10 obj/default/hello_world_small.o
 .debug_ranges  0x0000000000000030       0x48 ../wasca_test9_bsp/\libhal_bsp.a(alt_load.o)
 .debug_ranges  0x0000000000000078       0x18 ../wasca_test9_bsp/\libhal_bsp.a(alt_printf.o)
 .debug_ranges  0x0000000000000090       0x18 ../wasca_test9_bsp/\libhal_bsp.a(alt_sys_init.o)
 .debug_ranges  0x00000000000000a8       0x20 ../wasca_test9_bsp/\libhal_bsp.a(alt_dev_llist_insert.o)
